src/app/projetos/ninho/page.tsx(204,33): error TS2339: Property 'dotlottie-player' does not exist on type 'JSX.IntrinsicElements'.
src/app/projetos/ninho/page.tsx(207,33): error TS2339: Property 'dotlottie-player' does not exist on type 'JSX.IntrinsicElements'.
src/app/projetos/oqfjf/page.tsx(36,13): error TS7034: Variable 'intervalId' implicitly has type 'any' in some locations where its type cannot be determined.
src/app/projetos/oqfjf/page.tsx(41,21): error TS2532: Object is possibly 'undefined'.
src/app/projetos/oqfjf/page.tsx(42,21): error TS2532: Object is possibly 'undefined'.
src/app/projetos/oqfjf/page.tsx(48,21): error TS2532: Object is possibly 'undefined'.
src/app/projetos/oqfjf/page.tsx(49,21): error TS2532: Object is possibly 'undefined'.
src/app/projetos/oqfjf/page.tsx(56,17): error TS7005: Variable 'intervalId' implicitly has an 'any' type.
src/app/projetos/pedecafe/page.tsx(241,33): error TS2339: Property 'dotlottie-player' does not exist on type 'JSX.IntrinsicElements'.
src/app/projetos/pedecafe/page.tsx(244,33): error TS2339: Property 'dotlottie-player' does not exist on type 'JSX.IntrinsicElements'.
src/app/projetos/pedecafe/page.tsx(248,33): error TS2339: Property 'dotlottie-player' does not exist on type 'JSX.IntrinsicElements'.
src/app/projetos/pedecafe/page.tsx(251,33): error TS2339: Property 'dotlottie-player' does not exist on type 'JSX.IntrinsicElements'.
src/app/projetos/pedecafe/page.tsx(316,41): error TS2339: Property 'dotlottie-player' does not exist on type 'JSX.IntrinsicElements'.
src/app/projetos/pedecafe/page.tsx(320,41): error TS2339: Property 'dotlottie-player' does not exist on type 'JSX.IntrinsicElements'.
src/app/projetos/pedecafe/page.tsx(324,41): error TS2339: Property 'dotlottie-player' does not exist on type 'JSX.IntrinsicElements'.
src/app/projetos/pedecafe/page.tsx(327,41): error TS2339: Property 'dotlottie-player' does not exist on type 'JSX.IntrinsicElements'.
src/app/sobre/page.tsx(31,9): error TS2322: Type 'IntersectionObserver' is not assignable to type 'null'.
src/app/sobre/page.tsx(47,58): error TS2339: Property 'disconnect' does not exist on type 'never'.
src/components/FAQ.tsx(14,30): error TS7006: Parameter 'index' implicitly has an 'any' type.
